#-----------------------------------------------------------
# Vivado v2019.1 (64-bit)
# SW Build 2552052 on Fri May 24 14:49:42 MDT 2019
# IP Build 2548770 on Fri May 24 18:01:18 MDT 2019
# Start of session at: Tue Nov 21 10:36:28 2023
# Process ID: 2832
# Current directory: C:/Users/Riya_Sachdeva/Desktop/ELD_Lab/Lab11_Multi_Stream
# Command line: vivado.exe -gui_launcher_event rodinguilauncherevent2220 C:\Users\Riya_Sachdeva\Desktop\ELD_Lab\Lab11_Multi_Stream\Lab11_Multi_Stream.xpr
# Log file: C:/Users/Riya_Sachdeva/Desktop/ELD_Lab/Lab11_Multi_Stream/vivado.log
# Journal file: C:/Users/Riya_Sachdeva/Desktop/ELD_Lab/Lab11_Multi_Stream\vivado.jou
#-----------------------------------------------------------
start_gui
open_project C:/Users/Riya_Sachdeva/Desktop/ELD_Lab/Lab11_Multi_Stream/Lab11_Multi_Stream.xpr
update_compile_order -fileset sources_1
launch_sdk -workspace C:/Users/Riya_Sachdeva/Desktop/ELD_Lab/Lab11_Multi_Stream/Lab11_Multi_Stream.sdk -hwspec C:/Users/Riya_Sachdeva/Desktop/ELD_Lab/Lab11_Multi_Stream/Lab11_Multi_Stream.sdk/design_1_wrapper.hdf
